// Jest Snapshot v1, https://goo.gl/fbAQLP

exports[`Image Carousel rendering Renders correct data 1`] = `
<Carousel
  bounces={true}
  containerWidth={740}
  data={
    Array [
      Object {
        "content": "Neque porro quisquam est qui dolorem ipsum quia dolor sit amet, consectetur, adipisci velit...",
        "title": "Lorem ipsum dolor sit amet",
        "uri": "https://r-cf.bstatic.com/images/hotel/max1024x768/101/101927297.jpg",
      },
      Object {
        "content": "Neque porro quisquam est qui dolorem ipsum ",
        "title": "Lorem ipsum ",
        "uri": "https://q-cf.bstatic.com/images/hotel/max1024x768/133/133278998.jpg",
      },
      Object {
        "content": "Neque porro quisquam est qui dolorem ipsum quia dolor sit amet, consectetur, adipisci velit...",
        "title": "Lorem ipsum dolor",
        "uri": "https://q-xx.bstatic.com/xdata/images/hotel/840x460/118956071.jpg?k=167a5892e4f98e7cc358d922c16d5bb9c8860efc3e8771e426c08055fe043c04&o=",
      },
      Object {
        "content": "Neque porro quisquam est qui dolorem ipsum quia dolor sit amet",
        "title": "Lorem ipsum dolor",
        "uri": "https://q-cf.bstatic.com/images/hotel/max1024x768/171/171770259.jpg",
      },
      Object {
        "content": "Neque porro quisquam est qui dolorem ipsum quia dolor ",
        "title": "Lorem ipsum ",
        "uri": "https://q-xx.bstatic.com/xdata/images/hotel/840x460/200051570.jpg?k=52c15a2aa674672a1440bd1d596e57f918b2fbdc0c942b6a5add5a6dc0f4a165&o=",
      },
    ]
  }
  inActiveOpacity={0.3}
  inActiveScale={0.8}
  initialIndex={0}
  itemContainerStyle={Object {}}
  itemWidth={525}
  keyExtractor={[Function]}
  minScrollDistance={25}
  onScrollBeginDrag={[Function]}
  onScrollEnd={[Function]}
  onScrollEndDrag={[Function]}
  pagingEnable={true}
  renderItem={[Function]}
  separatorWidth={0}
  style={
    Object {
      "backgroundColor": "#141518",
      "flex": 1,
    }
  }
/>
`;
